Started process 'dbg-cli/tests/sources/swap.t86'
No active watchpoints
Active watchpoints:
 - address 1020
Process stopped, reason: Watchpoint triggered at memory address 1020
function main at 7-18; active variables: a, b
      8:    int a = 3;
      9:    int b = 6;
 ->  10:    swap(&a, &b);
     11:    print(a);
     12:    print(b);
Process stopped, reason: Watchpoint triggered at memory address 1020
function swap at 2-7; active variables: tmp, x, y
      3:    *x = *y;
      4:    *y = tmp;
 ->   5:}
      6:
      7:int main() {
6
3
Process stopped, reason: The program finished execution
