Started process 'tests/sources/swap.t86'
No active watchpoints
Active watchpoints:
 - address 1020
Process stopped, reason: Watchpoint triggered at memory address 1020
function main at 7-18:
      7:    int a = 3;
      8:    int b = 6;
 ->   9:    swap(&a, &b);
     10:    print(a);
     11:    print(b);
Process stopped, reason: Watchpoint triggered at memory address 1020
function swap at 2-7:
      2:    *x = *y;
      3:    *y = tmp;
 ->   4:}
      5:
      6:int main() {
6
3
Process stopped, reason: The program finished execution
