Started process 'dbg-cli/tests/sources/mixed_types.t86'
Breakpoint set on line 45 (addr 151):     for (int i = 0; i < 4; ++i) {
Process stopped, reason: Software breakpoint hit at line 45
function main at 94-177; active variables: db, long_names
     43:
     44:    int long_names = 0;
@->  45:    for (int i = 0; i < 4; ++i) {
     46:        if (is_long(db.array[i].name)) {
     47:            puts(db.array[i].name);
(struct Database) $0 = { array = [{ age = 34, name = 811 "Magnus Midtbo" }, { age = 35, name = 832 "Eddie Hall" }, { age = 30, name = 853 "Adam Ondra" }, { age = 37, name = 874 "Alex Honnold" }, { age = 0, name = 895 "" }, { age = 0, name = 916 "" }, { age = 0, name = 937 "" }, { age = 0, name = 958 "" }, { age = 0, name = 979 "" }, { age = 0, name = 1000 "" }] }
(struct Person) $1 = { age = 34, name = 811 "Magnus Midtbo" }
(struct Person) $2 = { age = 37, name = 874 "Alex Honnold" }
(char[]) $3 = 853 "Adam Ondra"
(char) $4 = 'm'
(int) $5 = 30
(int) $6 = 35
Error: Unsupported types for operator '+'
Error: No expression $15
Error: Unable to parse expression: Error:1:2:Expected an index for $
Error: Out of bounds access: 10 >= 10
(int) $7 = 55
(int) $8 = 55
