Started process 'dbg-cli/tests/sources/llvm.ir'
Breakpoint set on line 6 (addr 5):   store i32 5, ptr %2, align 4, !dbg !17 #6
Breakpoint set on line 13 (addr 12):   %8 = add nsw i32 %6, %7, !dbg !26 #13
 ->   1:define dso_local i32 @main() #0 !dbg !10 { #1
      2:  %1 = alloca i32, align 4 #2
      3:  %2 = alloca i32, align 4 #3
      4:  %3 = alloca ptr, align 8 #4
      5:  store i32 0, ptr %1, align 4 #5
@->   6:  store i32 5, ptr %2, align 4, !dbg !17 #6
      7:  store ptr %2, ptr %3, align 8, !dbg !20 #7
      8:  %4 = load ptr, ptr %3, align 8, !dbg !21 #8
Process stopped, reason: Software breakpoint hit at line 13
     11:  %6 = load i32, ptr %5, align 4, !dbg !24 #11
     12:  %7 = load i32, ptr %2, align 4, !dbg !25 #12
@->  13:  %8 = add nsw i32 %6, %7, !dbg !26 #13
     14:  ret i32 %8, !dbg !27 #14
     15:} #15
     14:  RET
Error: Size of text is '15'
Error: Size of text is '15'
     12:  %7 = load i32, ptr %2, align 4, !dbg !25 #12
@    13:  %8 = add nsw i32 %6, %7, !dbg !26 #13
 ->  14:  ret i32 %8, !dbg !27 #14
     15:} #15
@    13:  %8 = add nsw i32 %6, %7, !dbg !26 #13
     14:  ret i32 %8, !dbg !27 #14
 ->  15:} #15
Process stopped, reason: The program finished execution
